// Jest Snapshot v1, https://goo.gl/fbAQLP

exports[`Loading renders the Loading element 1`] = `
<div>
  <p>
    Loading...
  </p>
</div>
`;
