// Jest Snapshot v1, https://goo.gl/fbAQLP

exports[`Header renders the Header element 1`] = `
<div>
  <header
    class="bg-gray-200"
  >
    <div
      class="container mx-auto flex items-center justify-center py-16 px-4 relative"
    >
      <profilephoto />
      <div
        role="Desenvolvedor Frontend SÃªnior | React JS | React Native"
      />
      <languages />
    </div>
  </header>
</div>
`;
