// Jest Snapshot v1, https://goo.gl/fbAQLP

exports[`Knowledge renders the Knowledge element 1`] = `
<div>
  <div
    class="mb-5"
  >
    <h4
      class="font-bold my-2"
    >
      name
    </h4>
    <ul
      class="knowledge-list"
    >
      <li
        class="filled bg-slate-600"
        data-testid="knowledge-item-0"
      />
      <li
        class="filled bg-slate-600"
        data-testid="knowledge-item-1"
      />
      <li
        class="filled bg-slate-600"
        data-testid="knowledge-item-2"
      />
      <li
        class="filled bg-slate-600"
        data-testid="knowledge-item-3"
      />
      <li
        class="filled bg-slate-600"
        data-testid="knowledge-item-4"
      />
      <li
        class="filled bg-slate-600"
        data-testid="knowledge-item-5"
      />
      <li
        class="filled bg-slate-600"
        data-testid="knowledge-item-6"
      />
      <li
        class="filled bg-slate-600"
        data-testid="knowledge-item-7"
      />
      <li
        class="filled bg-slate-600"
        data-testid="knowledge-item-8"
      />
      <li
        class="filled bg-slate-600"
        data-testid="knowledge-item-9"
      />
    </ul>
  </div>
</div>
`;
