// Jest Snapshot v1, https://goo.gl/fbAQLP

exports[`Home renders the Home page 1`] = `
<div>
  <div
    class="dialog-provider"
    data-testid="mock-dialog-provider"
  />
</div>
`;
